Vishal Bhagour@DESKTOP-52AIKFN MINGW64 ~/Desktop/Class Backened (Extra-task)
$ git branch
* Extra-task

Vishal Bhagour@DESKTOP-52AIKFN MINGW64 ~/Desktop/Class Backened (Extra-task)
$ git fetch origin
remote: Enumerating objects: 3, done.
remote: Counting objects: 100% (3/3), done.
remote: Total 3 (delta 0), reused 0 (delta 0), pack-reused 0 (from 0)
Unpacking objects: 100% (3/3), 870 bytes | 41.00 KiB/s, done.
From https://github.com/VishalBhagour
/Backend-Dev
 * [new branch]      main       -> origin/main

Vishal Bhagour@DESKTOP-52AIKFN MINGW64 ~/Desktop/Class Backened (Extra-task)
$ git branch -r
  origin/Extra-task
  origin/HEAD -> origin/main
  origin/main

Vishal Bhagour@DESKTOP-52AIKFN MINGW64 ~/Desktop/Class Backened (Extra-task)
$ git checkout -b main origin/main
branch 'main' set up to track 'origin/main'.
Switched to a new branch 'main'

Vishal Bhagour@DESKTOP-52AIKFN MINGW64 ~/Desktop/Class Backened (main)
$ git branch
  Extra-task
* main

Vishal Bhagour@DESKTOP-52AIKFN MINGW64 ~/Desktop/Class Backened (main)
$ git checkout -b X
Switched to a new branch 'X'

Vishal Bhagour@DESKTOP-52AIKFN MINGW64 ~/Desktop/Class Backened (X)
$ git checkout main
git checkout -b Y
Switched to branch 'main'
Your branch is up to date with 'origin/main'.
Switched to a new branch 'Y'

Vishal Bhagour@DESKTOP-52AIKFN MINGW64 ~/Desktop/Class Backened (Y)
$ git checkout main
git checkout -b unix-commands-git-github
Switched to branch 'main'
Your branch is up to date with 'origin/main'.
Switched to a new branch 'unix-commands-git-github'

Vishal Bhagour@DESKTOP-52AIKFN MINGW64 ~/Desktop/Class Backened (unix-commands-git-github)
$ git status
On branch unix-commands-git-github
Untracked files:
  (use "git add <file>..." to include in what will be committed)
        commands/
        hello.js
        promises.js
        server.js

nothing added to commit but untracked files present (use "git add" to track)

Vishal Bhagour@DESKTOP-52AIKFN MINGW64 ~/Desktop/Class Backened (unix-commands-git-github)
$  commands/
bash: commands/: Is a directory

Vishal Bhagour@DESKTOP-52AIKFN MINGW64 ~/Desktop/Class Backened (unix-commands-git-github)
$ git add  commands/

Vishal Bhagour@DESKTOP-52AIKFN MINGW64 ~/Desktop/Class Backened (unix-commands-git-github)
$ git commit -m "[Shashank] added basic commands"
[unix-commands-git-github 7e62e32] [Shashank] added basic commands
 1 file changed, 187 insertions(+)
 create mode 100644 commands/commands.txt

Vishal Bhagour@DESKTOP-52AIKFN MINGW64 ~/Desktop/Class Backened (unix-commands-git-github)
$ git push origin unix-xommands-git-github
error: src refspec unix-xommands-git-github does not match any
error: failed to push some refs to 'https://github.com/shashank8536/Backend-Dev.git'

Vishal Bhagour@DESKTOP-52AIKFN MINGW64 ~/Desktop/Class Backened (unix-commands-git-github)
$  commands/
bash: commands/: Is a directory

Vishal Bhagour@DESKTOP-52AIKFN MINGW64 ~/Desktop/Class Backened (unix-commands-git-github)
$ git push origin unix-xommands-git-github
error: src refspec unix-xommands-git-github does not match any
error: failed to push some refs to 'https://github.com/shashank8536/Backend-Dev.git'

Vishal Bhagour@DESKTOP-52AIKFN MINGW64 ~/Desktop/Class Backened (unix-commands-git-github)
$ git push origin unix-commands-git-github
Enumerating objects: 5, done.
Counting objects: 100% (5/5), done.
Delta compression using up to 16 threads
Compressing objects: 100% (3/3), done.
Writing objects: 100% (4/4), 1.89 KiB | 387.00 KiB/s, done.
Total 4 (delta 0), reused 0 (delta 0), pack-reused 0 (from 0)
To https://github.com/shashank8536/Backend-Dev.git
   ef69886..7e62e32  unix-commands-git-github -> unix-commands-git-github

Vishal Bhagour@DESKTOP-52AIKFN MINGW64 ~/Desktop/Class Backened (unix-commands-git-github)
$ git branch -d X
Deleted branch X (was ef69886).

Vishal Bhagour@DESKTOP-52AIKFN MINGW64 ~/Desktop/Class Backened (unix-commands-git-github)
$ git branch -d Y
Deleted branch Y (was ef69886).

Vishal Bhagour@DESKTOP-52AIKFN MINGW64 ~/Desktop/Class Backened (unix-commands-git-github)
$ git checkout main
Switched to branch 'main'
Your branch is up to date with 'origin/main'.